Archive member included to satisfy reference by file (symbol)

c:/program files (x86)/atmel/studio/7.0/toolchain/avr8/avr8-gnu-toolchain/bin/../lib/gcc/avr/5.4.0/../../../../avr/lib/avrxmega6\libm.a(addsf3.o)
                              main.o (__subsf3)
c:/program files (x86)/atmel/studio/7.0/toolchain/avr8/avr8-gnu-toolchain/bin/../lib/gcc/avr/5.4.0/../../../../avr/lib/avrxmega6\libm.a(addsf3x.o)
                              c:/program files (x86)/atmel/studio/7.0/toolchain/avr8/avr8-gnu-toolchain/bin/../lib/gcc/avr/5.4.0/../../../../avr/lib/avrxmega6\libm.a(addsf3.o) (__addsf3x)
c:/program files (x86)/atmel/studio/7.0/toolchain/avr8/avr8-gnu-toolchain/bin/../lib/gcc/avr/5.4.0/../../../../avr/lib/avrxmega6\libm.a(cmpsf2.o)
                              main.o (__eqsf2)
c:/program files (x86)/atmel/studio/7.0/toolchain/avr8/avr8-gnu-toolchain/bin/../lib/gcc/avr/5.4.0/../../../../avr/lib/avrxmega6\libm.a(divsf3.o)
                              main.o (__divsf3)
c:/program files (x86)/atmel/studio/7.0/toolchain/avr8/avr8-gnu-toolchain/bin/../lib/gcc/avr/5.4.0/../../../../avr/lib/avrxmega6\libm.a(divsf3x.o)
                              c:/program files (x86)/atmel/studio/7.0/toolchain/avr8/avr8-gnu-toolchain/bin/../lib/gcc/avr/5.4.0/../../../../avr/lib/avrxmega6\libm.a(divsf3.o) (__divsf3x)
c:/program files (x86)/atmel/studio/7.0/toolchain/avr8/avr8-gnu-toolchain/bin/../lib/gcc/avr/5.4.0/../../../../avr/lib/avrxmega6\libm.a(fixsfsi.o)
                              NHD0420Driver.o (__fixsfsi)
c:/program files (x86)/atmel/studio/7.0/toolchain/avr8/avr8-gnu-toolchain/bin/../lib/gcc/avr/5.4.0/../../../../avr/lib/avrxmega6\libm.a(fixunssfsi.o)
                              c:/program files (x86)/atmel/studio/7.0/toolchain/avr8/avr8-gnu-toolchain/bin/../lib/gcc/avr/5.4.0/../../../../avr/lib/avrxmega6\libm.a(fixsfsi.o) (__fixunssfsi)
c:/program files (x86)/atmel/studio/7.0/toolchain/avr8/avr8-gnu-toolchain/bin/../lib/gcc/avr/5.4.0/../../../../avr/lib/avrxmega6\libm.a(floatsisf.o)
                              NHD0420Driver.o (__floatsisf)
c:/program files (x86)/atmel/studio/7.0/toolchain/avr8/avr8-gnu-toolchain/bin/../lib/gcc/avr/5.4.0/../../../../avr/lib/avrxmega6\libm.a(fp_cmp.o)
                              c:/program files (x86)/atmel/studio/7.0/toolchain/avr8/avr8-gnu-toolchain/bin/../lib/gcc/avr/5.4.0/../../../../avr/lib/avrxmega6\libm.a(cmpsf2.o) (__fp_cmp)
c:/program files (x86)/atmel/studio/7.0/toolchain/avr8/avr8-gnu-toolchain/bin/../lib/gcc/avr/5.4.0/../../../../avr/lib/avrxmega6\libm.a(fp_inf.o)
                              c:/program files (x86)/atmel/studio/7.0/toolchain/avr8/avr8-gnu-toolchain/bin/../lib/gcc/avr/5.4.0/../../../../avr/lib/avrxmega6\libm.a(addsf3x.o) (__fp_inf)
c:/program files (x86)/atmel/studio/7.0/toolchain/avr8/avr8-gnu-toolchain/bin/../lib/gcc/avr/5.4.0/../../../../avr/lib/avrxmega6\libm.a(fp_nan.o)
                              c:/program files (x86)/atmel/studio/7.0/toolchain/avr8/avr8-gnu-toolchain/bin/../lib/gcc/avr/5.4.0/../../../../avr/lib/avrxmega6\libm.a(addsf3x.o) (__fp_nan)
c:/program files (x86)/atmel/studio/7.0/toolchain/avr8/avr8-gnu-toolchain/bin/../lib/gcc/avr/5.4.0/../../../../avr/lib/avrxmega6\libm.a(fp_pscA.o)
                              c:/program files (x86)/atmel/studio/7.0/toolchain/avr8/avr8-gnu-toolchain/bin/../lib/gcc/avr/5.4.0/../../../../avr/lib/avrxmega6\libm.a(addsf3x.o) (__fp_pscA)
c:/program files (x86)/atmel/studio/7.0/toolchain/avr8/avr8-gnu-toolchain/bin/../lib/gcc/avr/5.4.0/../../../../avr/lib/avrxmega6\libm.a(fp_pscB.o)
                              c:/program files (x86)/atmel/studio/7.0/toolchain/avr8/avr8-gnu-toolchain/bin/../lib/gcc/avr/5.4.0/../../../../avr/lib/avrxmega6\libm.a(addsf3x.o) (__fp_pscB)
c:/program files (x86)/atmel/studio/7.0/toolchain/avr8/avr8-gnu-toolchain/bin/../lib/gcc/avr/5.4.0/../../../../avr/lib/avrxmega6\libm.a(fp_round.o)
                              c:/program files (x86)/atmel/studio/7.0/toolchain/avr8/avr8-gnu-toolchain/bin/../lib/gcc/avr/5.4.0/../../../../avr/lib/avrxmega6\libm.a(addsf3.o) (__fp_round)
c:/program files (x86)/atmel/studio/7.0/toolchain/avr8/avr8-gnu-toolchain/bin/../lib/gcc/avr/5.4.0/../../../../avr/lib/avrxmega6\libm.a(fp_split3.o)
                              c:/program files (x86)/atmel/studio/7.0/toolchain/avr8/avr8-gnu-toolchain/bin/../lib/gcc/avr/5.4.0/../../../../avr/lib/avrxmega6\libm.a(addsf3x.o) (__fp_split3)
c:/program files (x86)/atmel/studio/7.0/toolchain/avr8/avr8-gnu-toolchain/bin/../lib/gcc/avr/5.4.0/../../../../avr/lib/avrxmega6\libm.a(fp_zero.o)
                              c:/program files (x86)/atmel/studio/7.0/toolchain/avr8/avr8-gnu-toolchain/bin/../lib/gcc/avr/5.4.0/../../../../avr/lib/avrxmega6\libm.a(addsf3x.o) (__fp_zero)
c:/program files (x86)/atmel/studio/7.0/toolchain/avr8/avr8-gnu-toolchain/bin/../lib/gcc/avr/5.4.0/../../../../avr/lib/avrxmega6\libm.a(gesf2.o)
                              NHD0420Driver.o (__gesf2)
[...]
Memory Configuration

Name             Origin             Length             Attributes
text             0x00000000         0x00100000         xr
data             0x00802000         0x0000ffa0         rw !x
eeprom           0x00810000         0x00010000         rw !x
fuse             0x00820000         0x00000006         rw !x
lock             0x00830000         0x00000400         rw !x
signature        0x00840000         0x00000400         rw !x
user_signatures  0x00850000         0x00000400         rw !x
*default*        0x00000000         0xffffffff

Linker script and memory map

LOAD C:/Program Files (x86)/Atmel/Studio/7.0/Packs/atmel/XMEGAA_DFP/1.1.68/gcc/dev/atxmega128a3u/avrxmega6/crtatxmega128a3u.o
LOAD ButtonHandler.o
LOAD driver/clksys_driver.o
LOAD driver/pmic_driver.o
LOAD driver/port_driver.o
LOAD driver/TC_driver.o
LOAD errorHandler.o
LOAD FreeRTOS/croutine.o
LOAD FreeRTOS/event_groups.o
LOAD FreeRTOS/heap_1.o
LOAD FreeRTOS/list.o
LOAD FreeRTOS/port.o
LOAD FreeRTOS/queue.o
LOAD FreeRTOS/stream_buffer.o
LOAD FreeRTOS/tasks.o
LOAD FreeRTOS/timers.o
LOAD init.o
LOAD main.o
LOAD mem_check.o
LOAD NHD0420Driver.o
LOAD utils.o
START GROUP
LOAD c:/program files (x86)/atmel/studio/7.0/toolchain/avr8/avr8-gnu-toolchain/bin/../lib/gcc/avr/5.4.0/../../../../avr/lib/avrxmega6\libm.a
END GROUP
LOAD c:/program files (x86)/atmel/studio/7.0/toolchain/avr8/avr8-gnu-toolchain/bin/../lib/gcc/avr/5.4.0/../../../../avr/lib/avrxmega6\libprintf_flt.a
START GROUP
LOAD c:/program files (x86)/atmel/studio/7.0/toolchain/avr8/avr8-gnu-toolchain/bin/../lib/gcc/avr/5.4.0/avrxmega6\libgcc.a
LOAD c:/program files (x86)/atmel/studio/7.0/toolchain/avr8/avr8-gnu-toolchain/bin/../lib/gcc/avr/5.4.0/../../../../avr/lib/avrxmega6\libm.a
LOAD c:/program files (x86)/atmel/studio/7.0/toolchain/avr8/avr8-gnu-toolchain/bin/../lib/gcc/avr/5.4.0/../../../../avr/lib/avrxmega6\libc.a
LOAD C:/Program Files (x86)/Atmel/Studio/7.0/Packs/atmel/XMEGAA_DFP/1.1.68/gcc/dev/atxmega128a3u/avrxmega6\libatxmega128a3u.a
END GROUP
                0x00100000                __TEXT_REGION_LENGTH__ = DEFINED (__TEXT_REGION_LENGTH__)?__TEXT_REGION_LENGTH__:0x100000
                0x0000ffa0                __DATA_REGION_LENGTH__ = DEFINED (__DATA_REGION_LENGTH__)?__DATA_REGION_LENGTH__:0xffa0
                0x00010000                __EEPROM_REGION_LENGTH__ = DEFINED (__EEPROM_REGION_LENGTH__)?__EEPROM_REGION_LENGTH__:0x10000
                [0x00000006]                __FUSE_REGION_LENGTH__ = DEFINED (__FUSE_REGION_LENGTH__)?__FUSE_REGION_LENGTH__:0x400
                0x00000400                __LOCK_REGION_LENGTH__ = DEFINED (__LOCK_REGION_LENGTH__)?__LOCK_REGION_LENGTH__:0x400
                0x00000400                __SIGNATURE_REGION_LENGTH__ = DEFINED (__SIGNATURE_REGION_LENGTH__)?__SIGNATURE_REGION_LENGTH__:0x400
                0x00000400                __USER_SIGNATURE_REGION_LENGTH__ = DEFINED (__USER_SIGNATURE_REGION_LENGTH__)?__USER_SIGNATURE_REGION_LENGTH__:0x400

.hash
 *(.hash)

.dynsym
 *(.dynsym)

.dynstr
 *(.dynstr)

.gnu.version
 *(.gnu.version)

.gnu.version_d
 *(.gnu.version_d)

.gnu.version_r
 *(.gnu.version_r)

.rel.init
 *(.rel.init)

.rela.init
 *(.rela.init)

.rel.text
 *(.rel.text)
 *(.rel.text.*)
 *(.rel.gnu.linkonce.t*)

.rela.text
 *(.rela.text)
 *(.rela.text.*)
 *(.rela.gnu.linkonce.t*)

.rel.fini
 *(.rel.fini)

.rela.fini
 *(.rela.fini)

.rel.rodata
 *(.rel.rodata)
 *(.rel.rodata.*)
 *(.rel.gnu.linkonce.r*)

.rela.rodata
 *(.rela.rodata)
 *(.rela.rodata.*)
 *(.rela.gnu.linkonce.r*)

.rel.data
 *(.rel.data)
 *(.rel.data.*)
 *(.rel.gnu.linkonce.d*)

.rela.data
 *(.rela.data)
 *(.rela.data.*)
 *(.rela.gnu.linkonce.d*)

.rel.ctors
 *(.rel.ctors)

.rela.ctors
 *(.rela.ctors)

.rel.dtors
 *(.rel.dtors)

.rela.dtors
 *(.rela.dtors)

.rel.got
 *(.rel.got)

.rela.got
 *(.rela.got)

.rel.bss
 *(.rel.bss)

.rela.bss
 *(.rela.bss)

.rel.plt
 *(.rel.plt)

.rela.plt
 *(.rela.plt)

.text           0x00000000     0x6bc2
 *(.vectors)
 .vectors       0x00000000      0x1fc C:/Program Files (x86)/Atmel/Studio/7.0/Packs/atmel/XMEGAA_DFP/1.1.68/gcc/dev/atxmega128a3u/avrxmega6/crtatxmega128a3u.o
                0x00000000                __vector_default
                0x00000000                __vectors
 *(.vectors)
 *(.progmem.gcc*)
 .progmem.gcc_sw_table.prvProcessReceivedCommands
                0x000001fc       0x14 FreeRTOS/timers.o
                0x00000210                . = ALIGN (0x2)
                0x00000210                __trampolines_start = .
 *(.trampolines)
 .trampolines   0x00000210       0x2c linker stubs
 *(.trampolines*)
                0x0000023c                __trampolines_end = .
 *libprintf_flt.a:*(.progmem.data)
 .progmem.data  0x0000023c        0x8 c:/program files (x86)/atmel/studio/7.0/toolchain/avr8/avr8-gnu-toolchain/bin/../lib/gcc/avr/5.4.0/../../../../avr/lib/avrxmega6\libprintf_flt.a(vfprintf_flt.o)
 *libc.a:*(.progmem.data)
 .progmem.data  0x00000244       0xfa c:/program files (x86)/atmel/studio/7.0/toolchain/avr8/avr8-gnu-toolchain/bin/../lib/gcc/avr/5.4.0/../../../../avr/lib/avrxmega6\libc.a(ftoa_engine.o)
 *(.progmem*)
                0x0000033e                . = ALIGN (0x2)
 *(.jumptables)
 *(.jumptables*)
 *(.lowtext)
 *(.lowtext*)
                0x0000033e                __ctors_start = .
 *(.ctors)
                0x0000033e                __ctors_end = .
                0x0000033e                __dtors_start = .
 *(.dtors)
                0x0000033e                __dtors_end = .
 SORT(*)(.ctors)
 SORT(*)(.dtors)
 *(.init0)
 .init0         0x0000033e        0x0 C:/Program Files (x86)/Atmel/Studio/7.0/Packs/atmel/XMEGAA_DFP/1.1.68/gcc/dev/atxmega128a3u/avrxmega6/crtatxmega128a3u.o
                0x0000033e                __init
 *(.init0)
 *(.init1)
 *(.init1)
 *(.init2)
 .init2         0x0000033e       0x10 C:/Program Files (x86)/Atmel/Studio/7.0/Packs/atmel/XMEGAA_DFP/1.1.68/gcc/dev/atxmega128a3u/avrxmega6/crtatxmega128a3u.o
 *(.init2)
 *(.init3)
 .init3         0x0000034e       0x12 mem_check.o
                0x0000034e                init_mem
 *(.init3)
 *(.init4)
 .init4         0x00000360       0x1a c:/program files (x86)/atmel/studio/7.0/toolchain/avr8/avr8-gnu-toolchain/bin/../lib/gcc/avr/5.4.0/avrxmega6\libgcc.a(_copy_data.o)
                0x00000360                __do_copy_data
 .init4         0x0000037a       0x10 c:/program files (x86)/atmel/studio/7.0/toolchain/avr8/avr8-gnu-toolchain/bin/../lib/gcc/avr/5.4.0/avrxmega6\libgcc.a(_clear_bss.o)
                0x0000037a                __do_clear_bss
 *(.init4)
 *(.init5)
 *(.init5)
 *(.init6)
 *(.init6)
 *(.init7)
 *(.init7)
 *(.init8)
 *(.init8)
 *(.init9)
 .init9         0x0000038a        0x8 C:/Program Files (x86)/Atmel/Studio/7.0/Packs/atmel/XMEGAA_DFP/1.1.68/gcc/dev/atxmega128a3u/avrxmega6/crtatxmega128a3u.o
 *(.init9)
 *(.text)
 .text          0x00000392        0x4 C:/Program Files (x86)/Atmel/Studio/7.0/Packs/atmel/XMEGAA_DFP/1.1.68/gcc/dev/atxmega128a3u/avrxmega6/crtatxmega128a3u.o
                0x00000392                __vector_38
                0x00000392                __vector_104
                0x00000392                __vector_22
                0x00000392                __vector_63
                0x00000392                __vector_28
                0x00000392                __vector_67
                0x00000392                __vector_1
                0x00000392                __vector_119
                0x00000392                __vector_32
                0x00000392                __vector_75
                0x00000392                __vector_71
                0x00000392                __vector_91
                0x00000392                __vector_34
                0x00000392                __vector_62
                0x00000392                __vector_77
                0x00000392                __vector_102
                0x00000392                __vector_24
                0x00000392                __vector_12
                0x00000392                __vector_55
                0x00000392                __vector_69
                0x00000392                __vector_81
                0x00000392                __vector_90
                0x00000392                __vector_46
                0x00000392                __bad_interrupt
                0x00000392                __vector_122
                0x00000392                __vector_72
                0x00000392                __vector_114
                0x00000392                __vector_6
                0x00000392                __vector_110
                0x00000392                __vector_31
                0x00000392                __vector_92
                0x00000392                __vector_35
                0x00000392                __vector_78
                0x00000392                __vector_74
                0x00000392                __vector_117
                0x00000392                __vector_39
                0x00000392                __vector_107
                0x00000392                __vector_3
                0x00000392                __vector_105
                0x00000392                __vector_98
                0x00000392                __vector_23
                0x00000392                __vector_68
                0x00000392                __vector_30
                0x00000392                __vector_73
                0x00000392                __vector_45
                0x00000392                __vector_25
                0x00000392                __vector_93
                0x00000392                __vector_61
                0x00000392                __vector_11
                0x00000392                __vector_54
                0x00000392                __vector_99
                0x00000392                __vector_13
                0x00000392                __vector_17
                0x00000392                __vector_19
                0x00000392                __vector_56
                0x00000392                __vector_7
                0x00000392                __vector_125
                0x00000392                __vector_49
                0x00000392                __vector_123
                0x00000392                __vector_41
                0x00000392                __vector_86
                0x00000392                __vector_100
                0x00000392                __vector_101
                0x00000392                __vector_64
                0x00000392                __vector_88
                0x00000392                __vector_109
                0x00000392                __vector_43
                0x00000392                __vector_27
                0x00000392                __vector_5
                0x00000392                __vector_113
                0x00000392                __vector_33
                0x00000392                __vector_76
                0x00000392                __vector_115
                0x00000392                __vector_47
                0x00000392                __vector_52
                0x00000392                __vector_37
                0x00000392                __vector_95
                0x00000392                __vector_103
                0x00000392                __vector_96
                0x00000392                __vector_89
                0x00000392                __vector_4
                0x00000392                __vector_44
                0x00000392                __vector_82
                0x00000392                __vector_106
                0x00000392                __vector_118
                0x00000392                __vector_51
                0x00000392                __vector_9
                0x00000392                __vector_2
                0x00000392                __vector_21
                0x00000392                __vector_15
                0x00000392                __vector_66
                0x00000392                __vector_36
                0x00000392                __vector_79
                0x00000392                __vector_58
                0x00000392                __vector_70
                0x00000392                __vector_83
                0x00000392                __vector_29
                0x00000392                __vector_60
                0x00000392                __vector_121
                0x00000392                __vector_40
                0x00000392                __vector_85
                0x00000392                __vector_94
                0x00000392                __vector_126
                0x00000392                __vector_8
                0x00000392                __vector_26
                0x00000392                __vector_48
                0x00000392                __vector_124
                0x00000392                __vector_116
                0x00000392                __vector_112
                0x00000392                __vector_111
                0x00000392                __vector_80
                0x00000392                __vector_84
                0x00000392                __vector_57
                0x00000392                __vector_53
                0x00000392                __vector_10
                0x00000392                __vector_50
                0x00000392                __vector_16
                0x00000392                __vector_59
                0x00000392                __vector_18
                0x00000392                __vector_97
                0x00000392                __vector_20
                0x00000392                __vector_42
                0x00000392                __vector_87
                0x00000392                __vector_65
                0x00000392                __vector_120
                0x00000396                . = ALIGN (0x2)
 *(.text.*)
 .text.initButtons
                0x00000396       0x38 ButtonHandler.o
                0x00000396                initButtons
 .text.updateButtons
                0x000003ce      0x1e4 ButtonHandler.o
                0x000003ce                updateButtons
 .text.getButtonPress
                0x000005b2       0x52 ButtonHandler.o
                0x000005b2                getButtonPress
 .text.CCPWrite
                0x00000604       0x58 driver/clksys_driver.o
                0x00000604                CCPWrite
 .text.CLKSYS_XOSC_Config
                0x0000065c       0x3a driver/clksys_driver.o
                0x0000065c                CLKSYS_XOSC_Config
 .text.CLKSYS_PLL_Config
                0x00000696       0x30 driver/clksys_driver.o
                0x00000696                CLKSYS_PLL_Config
 .text.CLKSYS_Disable
                0x000006c6       0x40 driver/clksys_driver.o
                0x000006c6                CLKSYS_Disable
 .text.CLKSYS_Prescalers_Config
                0x00000706       0x2e driver/clksys_driver.o
                0x00000706                CLKSYS_Prescalers_Config
 .text.CLKSYS_Main_ClockSource_Select
                0x00000734       0x44 driver/clksys_driver.o
                0x00000734                CLKSYS_Main_ClockSource_Select
 .text.TC0_ConfigClockSource
                0x00000778       0x38 driver/TC_driver.o
                0x00000778                TC0_ConfigClockSource
 .text.TC0_ConfigWGM
                0x000007b0       0x38 driver/TC_driver.o
                0x000007b0                TC0_ConfigWGM
 .text.TC0_SetOverflowIntLevel
                0x000007e8       0x38 driver/TC_driver.o
                0x000007e8                TC0_SetOverflowIntLevel
 .text.vApplicationStackOverflowHook
                0x00000820       0x28 errorHandler.o
                0x00000820                vApplicationStackOverflowHook
 .text.error    0x00000848       0x46 errorHandler.o
                0x00000848                error
 .text.software_reset
                0x0000088e       0x26 errorHandler.o
                0x0000088e                software_reset
 .text.xEventGroupCreate
                0x000008b4       0x46 FreeRTOS/event_groups.o
                0x000008b4                xEventGroupCreate
 .text.xEventGroupWaitBits
                0x000008fa      0x270 FreeRTOS/event_groups.o
                0x000008fa                xEventGroupWaitBits
 .text.xEventGroupClearBits
                0x00000b6a       0x96 FreeRTOS/event_groups.o
                0x00000b6a                xEventGroupClearBits
 .text.xEventGroupSetBits
                0x00000c00      0x210 FreeRTOS/event_groups.o
                0x00000c00                xEventGroupSetBits
 .text.vEventGroupSetBitsCallback
                0x00000e10       0x3c FreeRTOS/event_groups.o
                0x00000e10                vEventGroupSetBitsCallback
 .text.prvTestWaitCondition
                0x00000e4c       0x8e FreeRTOS/event_groups.o
 .text.xEventGroupSetBitsFromISR
                0x00000eda       0x54 FreeRTOS/event_groups.o
                0x00000eda                xEventGroupSetBitsFromISR
 .text.pvPortMalloc
                0x00000f2e       0x88 FreeRTOS/heap_1.o
                0x00000f2e                pvPortMalloc
 .text.vPortFree
                0x00000fb6       0x1c FreeRTOS/heap_1.o
                0x00000fb6                vPortFree
 .text.vListInitialise
                0x00000fd2       0x74 FreeRTOS/list.o
                0x00000fd2                vListInitialise
 .text.vListInitialiseItem
                0x00001046       0x26 FreeRTOS/list.o
                0x00001046                vListInitialiseItem
 .text.vListInsertEnd
                0x0000106c       0x96 FreeRTOS/list.o
                0x0000106c                vListInsertEnd
 .text.vListInsert
                0x00001102      0x102 FreeRTOS/list.o
                0x00001102                vListInsert
 .text.uxListRemove
                0x00001204       0xac FreeRTOS/list.o
                0x00001204                uxListRemove
 .text._portSetInterruptMaskFromIsr
                0x000012b0       0x2e FreeRTOS/port.o
                0x000012b0                _portSetInterruptMaskFromIsr
 .text.pxPortInitialiseStack
                0x000012de      0x3b2 FreeRTOS/port.o
                0x000012de                pxPortInitialiseStack
 .text.xPortStartScheduler
                0x00001690       0x70 FreeRTOS/port.o
                0x00001690                xPortStartScheduler
 .text.vPortYield
                0x00001700       0xc4 FreeRTOS/port.o
                0x00001700                vPortYield
 .text.portTaskSwitchContext
                0x000017c4       0x6a FreeRTOS/port.o
                0x000017c4                portTaskSwitchContext
 .text.portTaskIncrementTick
                0x0000182e       0x26 FreeRTOS/port.o
 .text.__vector_14
                0x00001854       0xca FreeRTOS/port.o
                0x00001854                __vector_14
 .text.prvSetupTimerInterrupt
                0x0000191e       0x82 FreeRTOS/port.o
 .text.xQueueGenericReset
                0x000019a0      0x12c FreeRTOS/queue.o
                0x000019a0                xQueueGenericReset
 .text.xQueueGenericCreate
                0x00001acc       0x8c FreeRTOS/queue.o
                0x00001acc                xQueueGenericCreate
 .text.prvInitialiseNewQueue
                0x00001b58       0x7e FreeRTOS/queue.o
 .text.xQueueGenericSend
                0x00001bd6      0x184 FreeRTOS/queue.o
                0x00001bd6                xQueueGenericSend
 .text.xQueueGenericSendFromISR
                0x00001d5a       0xc0 FreeRTOS/queue.o
                0x00001d5a                xQueueGenericSendFromISR
 .text.xQueueReceive
                0x00001e1a      0x180 FreeRTOS/queue.o
                0x00001e1a                xQueueReceive
 .text.uxQueueMessagesWaiting
                0x00001f9a       0x38 FreeRTOS/queue.o
                0x00001f9a                uxQueueMessagesWaiting
 .text.prvCopyDataToQueue
                0x00001fd2      0x16a FreeRTOS/queue.o
 .text.prvCopyDataFromQueue
                0x0000213c       0xa0 FreeRTOS/queue.o
 .text.prvUnlockQueue
                0x000021dc       0xca FreeRTOS/queue.o
 .text.prvIsQueueEmpty
                0x000022a6       0x42 FreeRTOS/queue.o
 .text.prvIsQueueFull
                0x000022e8       0x4a FreeRTOS/queue.o
 .text.vQueueWaitForMessageRestricted
                0x00002332       0x9c FreeRTOS/queue.o
                0x00002332                vQueueWaitForMessageRestricted
 .text.xTaskCreate
                0x000023ce       0xee FreeRTOS/tasks.o
                0x000023ce                xTaskCreate
 .text.prvInitialiseNewTask
                0x000024bc      0x1ac FreeRTOS/tasks.o
 .text.prvAddNewTaskToReadyList
                0x00002668      0x10c FreeRTOS/tasks.o
 .text.vTaskDelay
                0x00002774       0x5c FreeRTOS/tasks.o
                0x00002774                vTaskDelay
 .text.vTaskSuspend
                0x000027d0       0xe8 FreeRTOS/tasks.o
                0x000027d0                vTaskSuspend
 .text.prvTaskIsTaskSuspended
                0x000028b8       0x5c FreeRTOS/tasks.o
 .text.vTaskResume
                0x00002914       0xd0 FreeRTOS/tasks.o
                0x00002914                vTaskResume
 .text.vTaskStartScheduler
                0x000029e4       0x98 FreeRTOS/tasks.o
                0x000029e4                vTaskStartScheduler
 .text.vTaskSuspendAll
                0x00002a7c       0x1a FreeRTOS/tasks.o
                0x00002a7c                vTaskSuspendAll
 .text.xTaskResumeAll
                0x00002a96      0x12e FreeRTOS/tasks.o
                0x00002a96                xTaskResumeAll
 .text.xTaskGetTickCount
                0x00002bc4       0x4e FreeRTOS/tasks.o
                0x00002bc4                xTaskGetTickCount
 .text.xTaskIncrementTick
                0x00002c12      0x220 FreeRTOS/tasks.o
                0x00002c12                xTaskIncrementTick
 .text.vTaskSwitchContext
                0x00002e32      0x1a0 FreeRTOS/tasks.o
                0x00002e32                vTaskSwitchContext
 .text.vTaskPlaceOnEventList
                0x00002fd2       0x50 FreeRTOS/tasks.o
                0x00002fd2                vTaskPlaceOnEventList
 .text.vTaskPlaceOnUnorderedEventList
                0x00003022       0x7e FreeRTOS/tasks.o
                0x00003022                vTaskPlaceOnUnorderedEventList
 .text.vTaskPlaceOnEventListRestricted
                0x000030a0       0x68 FreeRTOS/tasks.o
                0x000030a0                vTaskPlaceOnEventListRestricted
 .text.xTaskRemoveFromEventList
                0x00003108       0xd0 FreeRTOS/tasks.o
                0x00003108                xTaskRemoveFromEventList
 .text.vTaskRemoveFromUnorderedEventList
                0x000031d8       0xc6 FreeRTOS/tasks.o
                0x000031d8                vTaskRemoveFromUnorderedEventList
 .text.vTaskInternalSetTimeOutState
                0x0000329e       0x46 FreeRTOS/tasks.o
                0x0000329e                vTaskInternalSetTimeOutState
 .text.xTaskCheckForTimeOut
                0x000032e4      0x150 FreeRTOS/tasks.o
                0x000032e4                xTaskCheckForTimeOut
 .text.vTaskMissedYield
                0x00003434       0x16 FreeRTOS/tasks.o
                0x00003434                vTaskMissedYield
 .text.prvIdleTask
                0x0000344a       0x26 FreeRTOS/tasks.o
 .text.prvInitialiseTaskLists
                0x00003470       0x76 FreeRTOS/tasks.o
 .text.prvCheckTasksWaitingTermination
                0x000034e6       0x10 FreeRTOS/tasks.o
 .text.prvResetNextTaskUnblockTime
                0x000034f6       0x76 FreeRTOS/tasks.o
 .text.xTaskGetSchedulerState
                0x0000356c       0x32 FreeRTOS/tasks.o
                0x0000356c                xTaskGetSchedulerState
 .text.uxTaskResetEventItemValue
                0x0000359e       0x8c FreeRTOS/tasks.o
                0x0000359e                uxTaskResetEventItemValue
 .text.prvAddCurrentTaskToDelayedList
                0x0000362a      0x142 FreeRTOS/tasks.o
 .text.xTimerCreateTimerTask
                0x0000376c       0x56 FreeRTOS/timers.o
                0x0000376c                xTimerCreateTimerTask
 .text.xTimerGenericCommand
                0x000037c2       0xe6 FreeRTOS/timers.o
                0x000037c2                xTimerGenericCommand
 .text.prvProcessExpiredTimer
                0x000038a8       0xf0 FreeRTOS/timers.o
 .text.prvTimerTask
                0x00003998       0x40 FreeRTOS/timers.o
 .text.prvProcessTimerOrBlockTask
                0x000039d8       0xf6 FreeRTOS/timers.o
 .text.prvGetNextExpireTime
                0x00003ace       0x7c FreeRTOS/timers.o
 .text.prvSampleTimeNow
                0x00003b4a       0x8a FreeRTOS/timers.o
 .text.prvInsertTimerInActiveList
                0x00003bd4      0x132 FreeRTOS/timers.o
 .text.prvProcessReceivedCommands
                0x00003d06      0x214 FreeRTOS/timers.o
 .text.prvSwitchTimerLists
                0x00003f1a      0x174 FreeRTOS/timers.o
 .text.prvCheckForValidListAndQueue
                0x0000408e       0x68 FreeRTOS/timers.o
 .text.xTimerPendFunctionCallFromISR
                0x000040f6       0x76 FreeRTOS/timers.o
                0x000040f6                xTimerPendFunctionCallFromISR
 .text.vInitClock
                0x0000416c       0xbc init.o
                0x0000416c                vInitClock
 .text.vApplicationIdleHook
                0x00004228       0x10 main.o
                0x00004228                vApplicationIdleHook
 .text.main     0x00004238       0xb2 main.o
                0x00004238                main
 .text.vInterface
                0x000042ea      0x12e main.o
                0x000042ea                vInterface
 .text.vButtonHandler
                0x00004418       0xac main.o
                0x00004418                vButtonHandler
 .text.vCalculation
                0x000044c4      0x1b4 main.o
                0x000044c4                vCalculation
 .text.__vector_108
                0x00004678       0x94 NHD0420Driver.o
                0x00004678                __vector_108
 .text.delayUS  0x0000470c      0x112 NHD0420Driver.o
                0x0000470c                delayUS
 .text.setPort  0x0000481e       0x4e NHD0420Driver.o
                0x0000481e                setPort
 .text.setRS    0x0000486c       0x32 NHD0420Driver.o
                0x0000486c                setRS
 .text.setRW    0x0000489e       0x32 NHD0420Driver.o
                0x0000489e                setRW
 .text.setE     0x000048d0       0x32 NHD0420Driver.o
                0x000048d0                setE
 .text.Nybble   0x00004902       0x28 NHD0420Driver.o
                0x00004902                Nybble
 .text.command  0x0000492a       0x3c NHD0420Driver.o
                0x0000492a                command
 .text.write    0x00004966       0x3c NHD0420Driver.o
                0x00004966                write
 .text.vInitDisplay
                0x000049a2       0xbe NHD0420Driver.o
                0x000049a2                vInitDisplay
 .text._displaySetPos
                0x00004a60       0x78 NHD0420Driver.o
                0x00004a60                _displaySetPos
 .text._displayWriteChar
                0x00004ad8       0x28 NHD0420Driver.o
                0x00004ad8                _displayWriteChar
 .text._displayWriteString
                0x00004b00       0x62 NHD0420Driver.o
                0x00004b00                _displayWriteString
 .text._displayWriteStringAtPos
                0x00004b62       0x3c NHD0420Driver.o
                0x00004b62                _displayWriteStringAtPos
 .text.vDisplayUpdateTask
                0x00004b9e      0x29a NHD0420Driver.o
                0x00004b9e                vDisplayUpdateTask
 .text.vDisplayClear
                0x00004e38       0x24 NHD0420Driver.o
                0x00004e38                vDisplayClear
 .text.vDisplayWriteStringAtPos
                0x00004e5c       0x34 NHD0420Driver.o
                0x00004e5c                vDisplayWriteStringAtPos
 .text.display_vprintf
                0x00004e90      0x4c4 NHD0420Driver.o
 .text.normalize
                0x00005354       0xda NHD0420Driver.o
 .text.ftoa_fixed
                0x0000542e      0x29e NHD0420Driver.o
 .text.ftoa_sci
                0x000056cc      0x242 NHD0420Driver.o
 .text.avr-libc.fplib
                0x0000590e        0xe c:/program files (x86)/atmel/studio/7.0/toolchain/avr8/avr8-gnu-toolchain/bin/../lib/gcc/avr/5.4.0/../../../../avr/lib/avrxmega6\libm.a(addsf3.o)
                0x0000590e                __subsf3
                0x00005910                __addsf3
 .text.avr-libc.fplib
                0x0000591c       0xcc c:/program files (x86)/atmel/studio/7.0/toolchain/avr8/avr8-gnu-toolchain/bin/../lib/gcc/avr/5.4.0/../../../../avr/lib/avrxmega6\libm.a(addsf3x.o)
                0x0000593e                __addsf3x
 .text.avr-libc.fplib
                0x000059e8        0xa c:/program files (x86)/atmel/studio/7.0/toolchain/avr8/avr8-gnu-toolchain/bin/../lib/gcc/avr/5.4.0/../../../../avr/lib/avrxmega6\libm.a(cmpsf2.o)
                0x000059e8                __nesf2
                0x000059e8                __eqsf2
                0x000059e8                __cmpsf2
                0x000059e8                __ltsf2
                0x000059e8                __lesf2
 .text.avr-libc.fplib
                0x000059f2        0x8 c:/program files (x86)/atmel/studio/7.0/toolchain/avr8/avr8-gnu-toolchain/bin/../lib/gcc/avr/5.4.0/../../../../avr/lib/avrxmega6\libm.a(divsf3.o)
                0x000059f2                __divsf3
 .text.avr-libc.fplib
                0x000059fa       0xdc c:/program files (x86)/atmel/studio/7.0/toolchain/avr8/avr8-gnu-toolchain/bin/../lib/gcc/avr/5.4.0/../../../../avr/lib/avrxmega6\libm.a(divsf3x.o)
                0x00005a1a                __divsf3x
                0x00005a20                __divsf3_pse
 .text.avr-libc.fplib
                0x00005ad6        0xe c:/program files (x86)/atmel/studio/7.0/toolchain/avr8/avr8-gnu-toolchain/bin/../lib/gcc/avr/5.4.0/../../../../avr/lib/avrxmega6\libm.a(fixsfsi.o)
                0x00005ad6                __fixsfsi
 .text.avr-libc.fplib
                0x00005ae4       0x5e c:/program files (x86)/atmel/studio/7.0/toolchain/avr8/avr8-gnu-toolchain/bin/../lib/gcc/avr/5.4.0/../../../../avr/lib/avrxmega6\libm.a(fixunssfsi.o)
                0x00005ae4                __fixunssfsi
 .text.avr-libc.fplib
                0x00005b42       0x7a c:/program files (x86)/atmel/studio/7.0/toolchain/avr8/avr8-gnu-toolchain/bin/../lib/gcc/avr/5.4.0/../../../../avr/lib/avrxmega6\libm.a(floatsisf.o)
                0x00005b42                __floatunsisf
                0x00005b46                __floatsisf
 .text.avr-libc.fplib
                0x00005bbc       0x48 c:/program files (x86)/atmel/studio/7.0/toolchain/avr8/avr8-gnu-toolchain/bin/../lib/gcc/avr/5.4.0/../../../../avr/lib/avrxmega6\libm.a(fp_cmp.o)
                0x00005bbc                __fp_cmp
 .text.avr-libc.fplib
                0x00005c04        0xc c:/program files (x86)/atmel/studio/7.0/toolchain/avr8/avr8-gnu-toolchain/bin/../lib/gcc/avr/5.4.0/../../../../avr/lib/avrxmega6\libm.a(fp_inf.o)
                0x00005c04                __fp_inf
 .text.avr-libc.fplib
                0x00005c10        0x6 c:/program files (x86)/atmel/studio/7.0/toolchain/avr8/avr8-gnu-toolchain/bin/../lib/gcc/avr/5.4.0/../../../../avr/lib/avrxmega6\libm.a(fp_nan.o)
                0x00005c10                __fp_nan
 .text.avr-libc.fplib
                0x00005c16        0xe c:/program files (x86)/atmel/studio/7.0/toolchain/avr8/avr8-gnu-toolchain/bin/../lib/gcc/avr/5.4.0/../../../../avr/lib/avrxmega6\libm.a(fp_pscA.o)
                0x00005c16                __fp_pscA
 .text.avr-libc.fplib
                0x00005c24        0xe c:/program files (x86)/atmel/studio/7.0/toolchain/avr8/avr8-gnu-toolchain/bin/../lib/gcc/avr/5.4.0/../../../../avr/lib/avrxmega6\libm.a(fp_pscB.o)
                0x00005c24                __fp_pscB
 .text.avr-libc.fplib
                0x00005c32       0x22 c:/program files (x86)/atmel/studio/7.0/toolchain/avr8/avr8-gnu-toolchain/bin/../lib/gcc/avr/5.4.0/../../../../avr/lib/avrxmega6\libm.a(fp_round.o)
                0x00005c32                __fp_round
 .text.avr-libc.fplib
                0x00005c54       0x44 c:/program files (x86)/atmel/studio/7.0/toolchain/avr8/avr8-gnu-toolchain/bin/../lib/gcc/avr/5.4.0/../../../../avr/lib/avrxmega6\libm.a(fp_split3.o)
                0x00005c54                __fp_split3
                0x00005c64                __fp_splitA
 .text.avr-libc.fplib
                0x00005c98        0xe c:/program files (x86)/atmel/studio/7.0/toolchain/avr8/avr8-gnu-toolchain/bin/../lib/gcc/avr/5.4.0/../../../../avr/lib/avrxmega6\libm.a(fp_zero.o)
                0x00005c98                __fp_zero
                0x00005c9a                __fp_szero
 .text.avr-libc.fplib
                0x00005ca6        0xa c:/program files (x86)/atmel/studio/7.0/toolchain/avr8/avr8-gnu-toolchain/bin/../lib/gcc/avr/5.4.0/../../../../avr/lib/avrxmega6\libm.a(gesf2.o)
                0x00005ca6                __gesf2
                0x00005ca6                __gtsf2
 .text.avr-libc.fplib
                0x00005cb0        0x8 c:/program files (x86)/atmel/studio/7.0/toolchain/avr8/avr8-gnu-toolchain/bin/../lib/gcc/avr/5.4.0/../../../../avr/lib/avrxmega6\libm.a(mulsf3.o)
                0x00005cb0                __mulsf3
 .text.avr-libc.fplib
                0x00005cb8       0xd2 c:/program files (x86)/atmel/studio/7.0/toolchain/avr8/avr8-gnu-toolchain/bin/../lib/gcc/avr/5.4.0/../../../../avr/lib/avrxmega6\libm.a(mulsf3x.o)
                0x00005cd6                __mulsf3x
                0x00005cdc                __mulsf3_pse
 .text.avr-libc
                0x00005d8a      0x740 c:/program files (x86)/atmel/studio/7.0/toolchain/avr8/avr8-gnu-toolchain/bin/../lib/gcc/avr/5.4.0/../../../../avr/lib/avrxmega6\libprintf_flt.a(vfprintf_flt.o)
                0x00005d8a                vfprintf
 .text.libgcc   0x000064ca       0x10 c:/program files (x86)/atmel/studio/7.0/toolchain/avr8/avr8-gnu-toolchain/bin/../lib/gcc/avr/5.4.0/avrxmega6\libgcc.a(_tablejump2.o)
                0x000064ca                __tablejump2__
 .text.avr-libc
                0x000064da       0x40 c:/program files (x86)/atmel/studio/7.0/toolchain/avr8/avr8-gnu-toolchain/bin/../lib/gcc/avr/5.4.0/../../../../avr/lib/avrxmega6\libc.a(dtostrf.o)
                0x000064da                dtostrf
 .text.avr-libc
                0x0000651a      0x1b0 c:/program files (x86)/atmel/studio/7.0/toolchain/avr8/avr8-gnu-toolchain/bin/../lib/gcc/avr/5.4.0/../../../../avr/lib/avrxmega6\libc.a(ftoa_engine.o)
                0x0000651a                __ftoa_engine
 .text.avr-libc
                0x000066ca       0x16 c:/program files (x86)/atmel/studio/7.0/toolchain/avr8/avr8-gnu-toolchain/bin/../lib/gcc/avr/5.4.0/../../../../avr/lib/avrxmega6\libc.a(strnlen_P.o)
                0x000066ca                strnlen_P
 .text.avr-libc
                0x000066e0       0x12 c:/program files (x86)/atmel/studio/7.0/toolchain/avr8/avr8-gnu-toolchain/bin/../lib/gcc/avr/5.4.0/../../../../avr/lib/avrxmega6\libc.a(memcpy.o)
                0x000066e0                memcpy
 .text.avr-libc
                0x000066f2        0xe c:/program files (x86)/atmel/studio/7.0/toolchain/avr8/avr8-gnu-toolchain/bin/../lib/gcc/avr/5.4.0/../../../../avr/lib/avrxmega6\libc.a(memset.o)
                0x000066f2                memset
 .text.avr-libc
                0x00006700       0x12 c:/program files (x86)/atmel/studio/7.0/toolchain/avr8/avr8-gnu-toolchain/bin/../lib/gcc/avr/5.4.0/../../../../avr/lib/avrxmega6\libc.a(strlen.o)
                0x00006700                strlen
 .text.avr-libc
                0x00006712       0x16 c:/program files (x86)/atmel/studio/7.0/toolchain/avr8/avr8-gnu-toolchain/bin/../lib/gcc/avr/5.4.0/../../../../avr/lib/avrxmega6\libc.a(strnlen.o)
                0x00006712                strnlen
 .text.avr-libc
                0x00006728       0x16 c:/program files (x86)/atmel/studio/7.0/toolchain/avr8/avr8-gnu-toolchain/bin/../lib/gcc/avr/5.4.0/../../../../avr/lib/avrxmega6\libc.a(itoa.o)
                0x00006728                __itoa
                0x00006728                itoa
 .text.avr-libc
                0x0000673e       0x16 c:/program files (x86)/atmel/studio/7.0/toolchain/avr8/avr8-gnu-toolchain/bin/../lib/gcc/avr/5.4.0/../../../../avr/lib/avrxmega6\libc.a(itoa_ncheck.o)
                0x0000673e                __itoa_ncheck
 .text.avr-libc
                0x00006754       0x34 c:/program files (x86)/atmel/studio/7.0/toolchain/avr8/avr8-gnu-toolchain/bin/../lib/gcc/avr/5.4.0/../../../../avr/lib/avrxmega6\libc.a(utoa_ncheck.o)
                0x00006754                __utoa_ncheck
                0x00006756                __utoa_common
 .text.avr-libc
                0x00006788       0x78 c:/program files (x86)/atmel/studio/7.0/toolchain/avr8/avr8-gnu-toolchain/bin/../lib/gcc/avr/5.4.0/../../../../avr/lib/avrxmega6\libc.a(fputc.o)
                0x00006788                fputc
 .text.avr-libc
                0x00006800       0xbc c:/program files (x86)/atmel/studio/7.0/toolchain/avr8/avr8-gnu-toolchain/bin/../lib/gcc/avr/5.4.0/../../../../avr/lib/avrxmega6\libc.a(ultoa_invert.o)
                0x00006800                __ultoa_invert
 .text.avr-libc
                0x000068bc      0x2e2 c:/program files (x86)/atmel/studio/7.0/toolchain/avr8/avr8-gnu-toolchain/bin/../lib/gcc/avr/5.4.0/../../../../avr/lib/avrxmega6\libc.a(dtoa_prf.o)
                0x000068bc                dtoa_prf
 .text.avr-libc
                0x00006b9e       0x20 c:/program files (x86)/atmel/studio/7.0/toolchain/avr8/avr8-gnu-toolchain/bin/../lib/gcc/avr/5.4.0/../../../../avr/lib/avrxmega6\libc.a(strrev.o)
                0x00006b9e                strrev
                0x00006bbe                . = ALIGN (0x2)
 *(.fini9)
 .fini9         0x00006bbe        0x0 c:/program files (x86)/atmel/studio/7.0/toolchain/avr8/avr8-gnu-toolchain/bin/../lib/gcc/avr/5.4.0/avrxmega6\libgcc.a(_exit.o)
                0x00006bbe                _exit
                0x00006bbe                exit
 *(.fini9)
 *(.fini8)
 *(.fini8)
 *(.fini7)
 *(.fini7)
 *(.fini6)
 *(.fini6)
 *(.fini5)
 *(.fini5)
 *(.fini4)
 *(.fini4)
 *(.fini3)
 *(.fini3)
 *(.fini2)
 *(.fini2)
 *(.fini1)
 *(.fini1)
 *(.fini0)
 .fini0         0x00006bbe        0x4 c:/program files (x86)/atmel/studio/7.0/toolchain/avr8/avr8-gnu-toolchain/bin/../lib/gcc/avr/5.4.0/avrxmega6\libgcc.a(_exit.o)
 *(.fini0)
                0x00006bc2                _etext = .

.data           0x00802000       0x82 load address 0x00006bc2
                0x00802000                PROVIDE (__data_start, .)
 *(.data)
 *(.data*)
 .data.dPi4     0x00802000        0x4 main.o
                0x00802000                dPi4
 *(.rodata)
 .rodata        0x00802004        0x5 FreeRTOS/tasks.o
 .rodata        0x00802009        0x8 FreeRTOS/timers.o
 .rodata        0x00802011       0x62 main.o
 .rodata        0x00802073        0xb NHD0420Driver.o
 *(.rodata*)
 .rodata.width.5062
                0x0080207e        0x2 NHD0420Driver.o
 .rodata.width.5079
                0x00802080        0x2 NHD0420Driver.o
 *(.gnu.linkonce.d*)
                0x00802082                . = ALIGN (0x2)
                0x00802082                _edata = .
                0x00802082                PROVIDE (__data_end, .)

.bss            0x00802082      0xcb9
                0x00802082                PROVIDE (__bss_start, .)
 *(.bss)
 *(.bss*)
 .bss.b1Count.3829
                0x00802082        0x2 ButtonHandler.o
 .bss.b2Count.3830
                0x00802084        0x2 ButtonHandler.o
 .bss.b3Count.3831
                0x00802086        0x2 ButtonHandler.o
 .bss.b4Count.3832
                0x00802088        0x2 ButtonHandler.o
 .bss.xHeap     0x0080208a      0xbb8 FreeRTOS/heap_1.o
 .bss.xNextFreeByte
                0x00802c42        0x2 FreeRTOS/heap_1.o
 .bss.pxCurrentTCB
                0x00802c44        0x2 FreeRTOS/tasks.o
                0x00802c44                pxCurrentTCB
 .bss.pxReadyTasksLists
                0x00802c46       0x2c FreeRTOS/tasks.o
 .bss.xDelayedTaskList1
                0x00802c72        0xb FreeRTOS/tasks.o
 .bss.xDelayedTaskList2
                0x00802c7d        0xb FreeRTOS/tasks.o
 .bss.pxDelayedTaskList
                0x00802c88        0x2 FreeRTOS/tasks.o
 .bss.pxOverflowDelayedTaskList
                0x00802c8a        0x2 FreeRTOS/tasks.o
 .bss.xPendingReadyList
                0x00802c8c        0xb FreeRTOS/tasks.o
 .bss.xSuspendedTaskList
                0x00802c97        0xb FreeRTOS/tasks.o
 .bss.uxCurrentNumberOfTasks
                0x00802ca2        0x1 FreeRTOS/tasks.o
 .bss.xTickCount
                0x00802ca3        0x4 FreeRTOS/tasks.o
 .bss.uxTopReadyPriority
                0x00802ca7        0x1 FreeRTOS/tasks.o
 .bss.xSchedulerRunning
                0x00802ca8        0x1 FreeRTOS/tasks.o
 .bss.uxPendedTicks
                0x00802ca9        0x1 FreeRTOS/tasks.o
 .bss.xYieldPending
                0x00802caa        0x1 FreeRTOS/tasks.o
 .bss.xNumOfOverflows
                0x00802cab        0x1 FreeRTOS/tasks.o
 .bss.uxTaskNumber
                0x00802cac        0x1 FreeRTOS/tasks.o
 .bss.xNextTaskUnblockTime
                0x00802cad        0x4 FreeRTOS/tasks.o
 .bss.xIdleTaskHandle
                0x00802cb1        0x2 FreeRTOS/tasks.o
 .bss.uxSchedulerSuspended
                0x00802cb3        0x1 FreeRTOS/tasks.o
 .bss.xActiveTimerList1
                0x00802cb4        0xb FreeRTOS/timers.o
 .bss.xActiveTimerList2
                0x00802cbf        0xb FreeRTOS/timers.o
 .bss.pxCurrentTimerList
                0x00802cca        0x2 FreeRTOS/timers.o
 .bss.pxOverflowTimerList
                0x00802ccc        0x2 FreeRTOS/timers.o
 .bss.xTimerQueue
                0x00802cce        0x2 FreeRTOS/timers.o
 .bss.xTimerTaskHandle
                0x00802cd0        0x2 FreeRTOS/timers.o
 .bss.xLastTime.4745
                0x00802cd2        0x4 FreeRTOS/timers.o
 .bss.i         0x00802cd6        0x4 main.o
                0x00802cd6                i
 .bss.buffer.4995
                0x00802cda       0x14 NHD0420Driver.o
 .bss.str.4996  0x00802cee       0x14 NHD0420Driver.o
 *(COMMON)
 COMMON         0x00802d02        0x4 ButtonHandler.o
                0x00802d02                b1Status
                0x00802d03                b2Status
                0x00802d04                b3Status
                0x00802d05                b4Status
 COMMON         0x00802d06        0x1 FreeRTOS/port.o
                0x00802d06                intTaskSwitchPending
 COMMON         0x00802d07       0x30 main.o
                0x00802d07                egMyEventGroup
                0x00802d09                dPi4_str
                0x00802d1d                ButtonHandlerTask
                0x00802d1f                i_str
                0x00802d33                InterfaceTask
                0x00802d35                CalculationTask
 COMMON         0x00802d37        0x4 NHD0420Driver.o
                0x00802d37                displayLineQueue
                0x00802d39                egDisplayTiming
                0x00802d3b                PROVIDE (__bss_end, .)
                0x00006bc2                __data_load_start = LOADADDR (.data)
                0x00006c44                __data_load_end = (__data_load_start + SIZEOF (.data))

.noinit         0x00802d3b        0x0
                [!provide]                PROVIDE (__noinit_start, .)
 *(.noinit*)
                [!provide]                PROVIDE (__noinit_end, .)
                0x00802d3b                _end = .
                0x00802d3b                PROVIDE (__heap_start, .)

.eeprom         0x00810000        0x0
 *(.eeprom*)
                0x00810000                __eeprom_end = .

.fuse
 *(.fuse)
 *(.lfuse)
 *(.hfuse)
 *(.efuse)

.lock
 *(.lock*)

.signature
 *(.signature*)

.user_signatures
 *(.user_signatures*)

.stab
 *(.stab)

.stabstr
 *(.stabstr)

.stab.excl
 *(.stab.excl)

.stab.exclstr
 *(.stab.exclstr)

.stab.index
 *(.stab.index)

.stab.indexstr
 *(.stab.indexstr)

.comment        0x00000000       0x5c
 *(.comment)
 .comment       0x00000000       0x30 ButtonHandler.o
                                 0x31 (size before relaxing)
 .comment       0x00000030       0x31 driver/clksys_driver.o
 .comment       0x00000030       0x31 driver/TC_driver.o
 .comment       0x00000030       0x31 errorHandler.o
 .comment       0x00000030       0x31 FreeRTOS/event_groups.o
 .comment       0x00000030       0x31 FreeRTOS/heap_1.o
 .comment       0x00000030       0x31 FreeRTOS/list.o
 .comment       0x00000030       0x31 FreeRTOS/port.o
 .comment       0x00000030       0x31 FreeRTOS/queue.o
 .comment       0x00000030       0x31 FreeRTOS/tasks.o
 .comment       0x00000030       0x31 FreeRTOS/timers.o
 .comment       0x00000030       0x31 init.o
 .comment       0x00000030       0x31 main.o
 .comment       0x00000030       0x31 mem_check.o
 .comment       0x00000030       0x31 NHD0420Driver.o
 .comment       0x00000030       0x2c c:/program files (x86)/atmel/studio/7.0/toolchain/avr8/avr8-gnu-toolchain/bin/../lib/gcc/avr/5.4.0/../../../../avr/lib/avrxmega6\libprintf_flt.a(vfprintf_flt.o)
                                 0x2d (size before relaxing)
 .comment       0x0000005c       0x31 c:/program files (x86)/atmel/studio/7.0/toolchain/avr8/avr8-gnu-toolchain/bin/../lib/gcc/avr/5.4.0/../../../../avr/lib/avrxmega6\libc.a(dtostrf.o)
 .comment       0x0000005c       0x31 c:/program files (x86)/atmel/studio/7.0/toolchain/avr8/avr8-gnu-toolchain/bin/../lib/gcc/avr/5.4.0/../../../../avr/lib/avrxmega6\libc.a(fputc.o)
 .comment       0x0000005c       0x31 c:/program files (x86)/atmel/studio/7.0/toolchain/avr8/avr8-gnu-toolchain/bin/../lib/gcc/avr/5.4.0/../../../../avr/lib/avrxmega6\libc.a(dtoa_prf.o)

.note.gnu.avr.deviceinfo
                0x00000000       0x40
 .note.gnu.avr.deviceinfo
                0x00000000       0x40 C:/Program Files (x86)/Atmel/Studio/7.0/Packs/atmel/XMEGAA_DFP/1.1.68/gcc/dev/atxmega128a3u/avrxmega6/crtatxmega128a3u.o

.note.gnu.build-id
 *(.note.gnu.build-id)

.debug
 *(.debug)

.line
 *(.line)

.debug_srcinfo
 *(.debug_srcinfo)

.debug_sfnames
 *(.debug_sfnames)

.debug_aranges  0x00000000      0x7e8
 *(.debug_aranges)
 .debug_aranges
                0x00000000       0x30 ButtonHandler.o
 .debug_aranges
                0x00000030       0x68 driver/clksys_driver.o
 .debug_aranges
                0x00000098       0xc8 driver/TC_driver.o
 .debug_aranges
                0x00000160       0x40 errorHandler.o
 .debug_aranges
                0x000001a0       0x88 FreeRTOS/event_groups.o
 .debug_aranges
                0x00000228       0x38 FreeRTOS/heap_1.o
 .debug_aranges
                0x00000260       0x40 FreeRTOS/list.o
 .debug_aranges
                0x000002a0       0x60 FreeRTOS/port.o
 .debug_aranges
                0x00000300      0x108 FreeRTOS/queue.o
 .debug_aranges
                0x00000408      0x1b0 FreeRTOS/tasks.o
 .debug_aranges
                0x000005b8       0xd8 FreeRTOS/timers.o
 .debug_aranges
                0x00000690       0x20 init.o
 .debug_aranges
                0x000006b0       0x40 main.o
 .debug_aranges
                0x000006f0       0x28 mem_check.o
 .debug_aranges
                0x00000718       0xd0 NHD0420Driver.o

.debug_pubnames
 *(.debug_pubnames)

.debug_info     0x00000000     0xb30b
 *(.debug_info .gnu.linkonce.wi.*)
 .debug_info    0x00000000     0x3409 C:/Program Files (x86)/Atmel/Studio/7.0/Packs/atmel/XMEGAA_DFP/1.1.68/gcc/dev/atxmega128a3u/avrxmega6/crtatxmega128a3u.o
 .debug_info    0x00003409      0x35c ButtonHandler.o
 .debug_info    0x00003765      0x5f4 driver/clksys_driver.o
 .debug_info    0x00003d59     0x12d3 driver/TC_driver.o
 .debug_info    0x0000502c      0x1c7 errorHandler.o
 .debug_info    0x000051f3      0x8ae FreeRTOS/event_groups.o
 .debug_info    0x00005aa1      0x16c FreeRTOS/heap_1.o
 .debug_info    0x00005c0d      0x2b5 FreeRTOS/list.o
 .debug_info    0x00005ec2      0x9ef FreeRTOS/port.o
 .debug_info    0x000068b1      0xfc1 FreeRTOS/queue.o
 .debug_info    0x00007872     0x1770 FreeRTOS/tasks.o
 .debug_info    0x00008fe2      0xbb3 FreeRTOS/timers.o
 .debug_info    0x00009b95      0x243 init.o
 .debug_info    0x00009dd8      0x3f1 main.o
 .debug_info    0x0000a1c9       0xd2 mem_check.o
 .debug_info    0x0000a29b     0x1070 NHD0420Driver.o

.debug_abbrev   0x00000000     0x4679
 *(.debug_abbrev)
 .debug_abbrev  0x00000000     0x3148 C:/Program Files (x86)/Atmel/Studio/7.0/Packs/atmel/XMEGAA_DFP/1.1.68/gcc/dev/atxmega128a3u/avrxmega6/crtatxmega128a3u.o
 .debug_abbrev  0x00003148      0x111 ButtonHandler.o
 .debug_abbrev  0x00003259      0x159 driver/clksys_driver.o
 .debug_abbrev  0x000033b2      0x15a driver/TC_driver.o
 .debug_abbrev  0x0000350c      0x117 errorHandler.o
 .debug_abbrev  0x00003623      0x185 FreeRTOS/event_groups.o
 .debug_abbrev  0x000037a8      0x10a FreeRTOS/heap_1.o
 .debug_abbrev  0x000038b2       0xc7 FreeRTOS/list.o
 .debug_abbrev  0x00003979      0x1f7 FreeRTOS/port.o
 .debug_abbrev  0x00003b70      0x20a FreeRTOS/queue.o
 .debug_abbrev  0x00003d7a      0x26d FreeRTOS/tasks.o
 .debug_abbrev  0x00003fe7      0x1ce FreeRTOS/timers.o
 .debug_abbrev  0x000041b5       0x9d init.o
 .debug_abbrev  0x00004252      0x12a main.o
 .debug_abbrev  0x0000437c       0x98 mem_check.o
 .debug_abbrev  0x00004414      0x265 NHD0420Driver.o

.debug_line     0x00000000     0x5642
 *(.debug_line .debug_line.* .debug_line_end)
 .debug_line    0x00000000      0x39d C:/Program Files (x86)/Atmel/Studio/7.0/Packs/atmel/XMEGAA_DFP/1.1.68/gcc/dev/atxmega128a3u/avrxmega6/crtatxmega128a3u.o
 .debug_line    0x0000039d      0x271 ButtonHandler.o
 .debug_line    0x0000060e      0x2c4 driver/clksys_driver.o
 .debug_line    0x000008d2      0x398 driver/TC_driver.o
 .debug_line    0x00000c6a      0x1d5 errorHandler.o
 .debug_line    0x00000e3f      0x5a0 FreeRTOS/event_groups.o
 .debug_line    0x000013df      0x148 FreeRTOS/heap_1.o
 .debug_line    0x00001527      0x200 FreeRTOS/list.o
 .debug_line    0x00001727      0x4c5 FreeRTOS/port.o
 .debug_line    0x00001bec      0xe21 FreeRTOS/queue.o
 .debug_line    0x00002a0d     0x1566 FreeRTOS/tasks.o
 .debug_line    0x00003f73      0x6dc FreeRTOS/timers.o
 .debug_line    0x0000464f      0x162 init.o
 .debug_line    0x000047b1      0x2c9 main.o
 .debug_line    0x00004a7a       0x8a mem_check.o
 .debug_line    0x00004b04      0xb3e NHD0420Driver.o

.debug_frame    0x00000000     0x1ea0
 *(.debug_frame)
 .debug_frame   0x00000000       0x74 ButtonHandler.o
 .debug_frame   0x00000074      0x15c driver/clksys_driver.o
 .debug_frame   0x000001d0      0x2d4 driver/TC_driver.o
 .debug_frame   0x000004a4       0xb4 errorHandler.o
 .debug_frame   0x00000558      0x234 FreeRTOS/event_groups.o
 .debug_frame   0x0000078c       0x94 FreeRTOS/heap_1.o
 .debug_frame   0x00000820       0xb4 FreeRTOS/list.o
 .debug_frame   0x000008d4      0x124 FreeRTOS/port.o
 .debug_frame   0x000009f8      0x3f4 FreeRTOS/queue.o
 .debug_frame   0x00000dec      0x788 FreeRTOS/tasks.o
 .debug_frame   0x00001574      0x438 FreeRTOS/timers.o
 .debug_frame   0x000019ac       0x34 init.o
 .debug_frame   0x000019e0       0xe8 main.o
 .debug_frame   0x00001ac8       0x44 mem_check.o
 .debug_frame   0x00001b0c      0x394 NHD0420Driver.o

.debug_str      0x00000000     0x55b6
 *(.debug_str)
 .debug_str     0x00000000     0x223b C:/Program Files (x86)/Atmel/Studio/7.0/Packs/atmel/XMEGAA_DFP/1.1.68/gcc/dev/atxmega128a3u/avrxmega6/crtatxmega128a3u.o
 .debug_str     0x0000223b      0x36c ButtonHandler.o
                                0x3a0 (size before relaxing)
 .debug_str     0x000025a7      0x640 driver/clksys_driver.o
                                0x81c (size before relaxing)
 .debug_str     0x00002be7      0xb24 driver/TC_driver.o
                                0xd19 (size before relaxing)
 .debug_str     0x0000370b       0xaa errorHandler.o
                                0x2a5 (size before relaxing)
 .debug_str     0x000037b5      0x453 FreeRTOS/event_groups.o
                                0x6bc (size before relaxing)
 .debug_str     0x00003c08       0xa1 FreeRTOS/heap_1.o
                                0x25b (size before relaxing)
 .debug_str     0x00003ca9       0xa0 FreeRTOS/list.o
                                0x310 (size before relaxing)
 .debug_str     0x00003d49      0x156 FreeRTOS/port.o
                                0x85f (size before relaxing)
 .debug_str     0x00003e9f      0x471 FreeRTOS/queue.o
                                0x851 (size before relaxing)
 .debug_str     0x00004310      0xa94 FreeRTOS/tasks.o
                                0xf5f (size before relaxing)
 .debug_str     0x00004da4      0x508 FreeRTOS/timers.o
                                0x81d (size before relaxing)
 .debug_str     0x000052ac       0x17 init.o
                                0x4f5 (size before relaxing)
 .debug_str     0x000052c3       0x92 main.o
                                0x3ee (size before relaxing)
 .debug_str     0x00005355       0x49 mem_check.o
                                0x205 (size before relaxing)
 .debug_str     0x0000539e      0x218 NHD0420Driver.o
                                0x9f5 (size before relaxing)

.debug_loc      0x00000000     0x40e3
 *(.debug_loc)
 .debug_loc     0x00000000       0xbe ButtonHandler.o
 .debug_loc     0x000000be      0x2c3 driver/clksys_driver.o
 .debug_loc     0x00000381      0x630 driver/TC_driver.o
 .debug_loc     0x000009b1      0x14e errorHandler.o
 .debug_loc     0x00000aff      0x4c4 FreeRTOS/event_groups.o
 .debug_loc     0x00000fc3      0x106 FreeRTOS/heap_1.o
 .debug_loc     0x000010c9      0x167 FreeRTOS/list.o
 .debug_loc     0x00001230      0x1ea FreeRTOS/port.o
 .debug_loc     0x0000141a      0x89f FreeRTOS/queue.o
 .debug_loc     0x00001cb9     0x10ac FreeRTOS/tasks.o
 .debug_loc     0x00002d65      0x964 FreeRTOS/timers.o
 .debug_loc     0x000036c9       0x3b init.o
 .debug_loc     0x00003704      0x1d0 main.o
 .debug_loc     0x000038d4       0x48 mem_check.o
 .debug_loc     0x0000391c      0x7c7 NHD0420Driver.o

.debug_macinfo
 *(.debug_macinfo)

.debug_weaknames
 *(.debug_weaknames)

.debug_funcnames
 *(.debug_funcnames)

.debug_typenames
 *(.debug_typenames)

.debug_varnames
 *(.debug_varnames)

.debug_pubtypes
 *(.debug_pubtypes)

.debug_ranges   0x00000000      0x710
 *(.debug_ranges)
 .debug_ranges  0x00000000       0x20 ButtonHandler.o
 .debug_ranges  0x00000020       0x58 driver/clksys_driver.o
 .debug_ranges  0x00000078       0xb8 driver/TC_driver.o
 .debug_ranges  0x00000130       0x30 errorHandler.o
 .debug_ranges  0x00000160       0x78 FreeRTOS/event_groups.o
 .debug_ranges  0x000001d8       0x28 FreeRTOS/heap_1.o
 .debug_ranges  0x00000200       0x30 FreeRTOS/list.o
 .debug_ranges  0x00000230       0x50 FreeRTOS/port.o
 .debug_ranges  0x00000280       0xf8 FreeRTOS/queue.o
 .debug_ranges  0x00000378      0x1a0 FreeRTOS/tasks.o
 .debug_ranges  0x00000518       0xc8 FreeRTOS/timers.o
 .debug_ranges  0x000005e0       0x10 init.o
 .debug_ranges  0x000005f0       0x30 main.o
 .debug_ranges  0x00000620       0x18 mem_check.o
 .debug_ranges  0x00000638       0xd8 NHD0420Driver.o

.debug_macro
 *(.debug_macro)
OUTPUT(Calculating_PI.elf elf32-avr)
LOAD linker stubs
